// Jest Snapshot v1, https://goo.gl/fbAQLP

exports[`Card component renders the UI as expected 1`] = `
<div
  className="Card"
>
  <button
    onClick={[Function]}
  >
    - Delete Card
  </button>
  <h3>
    title
  </h3>
  <p>
    content
  </p>
</div>
`;
