// Jest Snapshot v1, https://goo.gl/fbAQLP

exports[`List component renders the UI as expected 1`] = `
<section
  className="List"
>
  <header
    className="List-header"
  >
    <h2>
      Hi
    </h2>
  </header>
  <div
    className="List-cards"
  >
    <div
      className="Card"
    >
      <button
        onClick={[Function]}
      >
        - Delete Card
      </button>
      <h3 />
      <p />
    </div>
    <div
      className="Card"
    >
      <button
        onClick={[Function]}
      >
        - Delete Card
      </button>
      <h3 />
      <p />
    </div>
    <button
      className="List-add-button"
      onClick={[Function]}
      type="button"
    >
      + Add Random Card
    </button>
  </div>
</section>
`;
